// Jest Snapshot v1, https://goo.gl/fbAQLP

exports[`<FilteringOptions/> renders without crashing ChartPresenter 1`] = `
<Accordion>
  <Panel
    bsClass="panel"
    bsStyle="info"
    defaultExpanded={false}
    header="Filters"
  >
    <Checkbox
      bsClass="checkbox"
      checked={true}
      disabled={false}
      id="woc"
      inline={false}
      onChange={[Function]}
    >
      <OverlayTrigger
        defaultOverlayShown={false}
        overlay={
          <Tooltip
            bsClass="tooltip"
            id="woc"
            placement="right"
          >
            Will show all [Wielkie Ogarnianie Charta]
          </Tooltip>
        }
        placement="top"
        trigger={
          Array [
            "hover",
            "focus",
          ]
        }
      >
        <span>
          [
          Wielkie Ogarnianie Charta
          ]
        </span>
      </OverlayTrigger>
    </Checkbox>
    <span>
      Show only posts:
    </span>
    <br />
    <div
      style={
        Object {
          "paddingLeft": 10,
        }
      }
    >
      <Checkbox
        bsClass="checkbox"
        checked={true}
        disabled={false}
        id="add"
        inline={false}
        name="date_added_control"
        onChange={[Function]}
      >
        added in last 
        <input
          className="num_days"
          id="add"
          min={0}
          onChange={[Function]}
          step={1}
          type="number"
        />
         days
      </Checkbox>
      <Checkbox
        bsClass="checkbox"
        checked={true}
        disabled={false}
        id="create"
        inline={false}
        name="date_create_control"
        onChange={[Function]}
      >
        created in last 
        <input
          className="num_days"
          id="create"
          min={0}
          onChange={[Function]}
          step={1}
          type="number"
        />
         days
      </Checkbox>
      <Checkbox
        bsClass="checkbox"
        checked={true}
        disabled={false}
        id="update"
        inline={false}
        name="date_update_control"
        onChange={[Function]}
      >
        updated in last 
        <input
          className="num_days"
          id="update"
          min={0}
          onChange={[Function]}
          step={1}
          type="number"
        />
         days
      </Checkbox>
      <Checkbox
        bsClass="checkbox"
        checked={true}
        disabled={false}
        id="more"
        inline={false}
        name="more_then_control"
        onChange={[Function]}
      >
        more then 
        <input
          className="num_days"
          id="more"
          min={0}
          onChange={[Function]}
          step={1}
          type="number"
        />
      </Checkbox>
      <Checkbox
        bsClass="checkbox"
        checked={true}
        disabled={false}
        id="less"
        inline={false}
        name="less_then_control"
        onChange={[Function]}
      >
        less then 
        <input
          className="num_days"
          id="less"
          min={0}
          onChange={[Function]}
          step={1}
          type="number"
        />
      </Checkbox>
    </div>
  </Panel>
</Accordion>
`;
