// Jest Snapshot v1, https://goo.gl/fbAQLP

exports[`<PagePresenter/> renders without crashing 1`] = `<div />`;
