// Jest Snapshot v1, https://goo.gl/fbAQLP

exports[`<PlaylistForm/> renders without crashing 1`] = `
<Form
  bsClass="form"
  componentClass="form"
  horizontal={false}
  inline={true}
>
  <Button
    active={false}
    block={false}
    bsClass="btn"
    bsStyle="default"
    disabled={false}
    onClick={[Function]}
  >
    Start
  </Button>
  <FormGroup
    bsClass="form-group"
    controlId="play_list_name"
    style={
      Object {
        "width": 300,
      }
    }
    validationState="error"
  >
    <InputGroup
      bsClass="input-group"
    >
      <InputGroupAddon
        bsClass="input-group-addon"
      >
        <Glyphicon
          bsClass="glyphicon"
          glyph="music"
        />
      </InputGroupAddon>
      <FormControl
        bsClass="form-control"
        componentClass="input"
        onChange={[Function]}
        placeholder="playlist name"
        type="text"
        value=""
      />
      <FormControlFeedback
        bsClass="form-control-feedback"
        bsRole="feedback"
      />
    </InputGroup>
  </FormGroup>
  <FormGroup
    bsClass="form-group"
  >
    <Button
      active={false}
      block={false}
      bsClass="btn"
      bsStyle="default"
      disabled={true}
      onClick={[Function]}
    >
      Create Playlist
    </Button>
    <Checkbox
      bsClass="checkbox"
      disabled={false}
      id="play_list_is_private"
      inline={false}
      style={
        Object {
          "paddingLeft": 5,
        }
      }
      value="private"
    >
      private ?
    </Checkbox>
  </FormGroup>
</Form>
`;
