// Jest Snapshot v1, https://goo.gl/fbAQLP

exports[`<SpotifySearch/> renders without crashing 1`] = `
<div>
  <h3
    id="list"
  >
    Search music by: 
    <div
      id="spotify_info"
    />
    <PlaylistForm
      selected={Array []}
    />
  </h3>
</div>
`;
