// Jest Snapshot v1, https://goo.gl/fbAQLP

exports[`<Footer/> renders without crashing 1`] = `
<footer
  className="footer"
>
  <span>
    site created by 
    <a
      href="https://github.com/dracomithril"
      target="_newtab"
    >
      dracomithril 
    </a>
    repo on
    <a
      href="https://github.com/dracomithril/WestChart_ReactApp"
      target="_newtab"
    >
       github
      <i
        aria-hidden="true"
        className="fa fa-github"
      />
    </a>
     
     v0.6.3 Â© Copyright 2017
  </span>
  <br />
  <span>
    Any questions? 
    <a
      href="mailto:dracomithril@gmail.com?subject=[WCSChartAdmin]"
    >
      contact me
    </a>
  </span>
  <a
    href="/api/fb_policy"
  >
     Facebook Policy
  </a>
</footer>
`;
