// Jest Snapshot v1, https://goo.gl/fbAQLP

exports[`<PickYourDate/> renders without crashing 1`] = `
<Accordion>
  <Panel
    bsClass="panel"
    bsStyle="default"
    defaultExpanded={false}
    footer={
      <small
        id="updateDate"
      >
         Last update: Invalid Date
      </small>
    }
    header="Pick your date"
  >
    <label>
      How far in time you will travel 
      <input
        className="num_days"
        max={62}
        min={0}
        name="show_last"
        onChange={[Function]}
        step={1}
        type="number"
        value={31}
      />
       days
    </label>
    <Checkbox
      bsClass="checkbox"
      disabled={false}
      inline={false}
      name="enable_until"
      onChange={[Function]}
    >
      Use date: 
      <t
        dateFormat="DD/MM/YYYY"
        dateFormatCalendar="MMMM YYYY"
        disabled={true}
        disabledKeyboardNavigation={false}
        dropdownMode="scroll"
        monthsShown={1}
        onBlur={[Function]}
        onChange={[Function]}
        onClickOutside={[Function]}
        onFocus={[Function]}
        onMonthChange={[Function]}
        onSelect={[Function]}
        popoverAttachment="top left"
        popoverTargetAttachment="bottom left"
        popoverTargetOffset="10px 0"
        tetherConstraints={
          Array [
            Object {
              "attachment": "together",
              "to": "window",
            },
          ]
        }
        utcOffset={120}
        withPortal={false}
      />
    </Checkbox>
    <div>
      <Label
        bsClass="label"
        bsStyle="success"
      >
        since: Invalid Date
      </Label>
      <br />
      <Label
        bsClass="label"
        bsStyle="danger"
        id="d_until"
      >
        until: 3/11/2017, 2:46:00 PM
      </Label>
    </div>
    <div
      style={
        Object {
          "textAlign": "center",
        }
      }
    >
      <Button
        active={false}
        block={false}
        bsClass="btn"
        bsStyle="primary"
        disabled={false}
        id="updateChartB"
        onClick={[Function]}
      >
        Update
      </Button>
    </div>
  </Panel>
</Accordion>
`;
