// Jest Snapshot v1, https://goo.gl/fbAQLP

exports[`<SpotifySearch/> renders without crashing 1`] = `
<div>
  <h3
    id="list"
  >
    Create 
    <i
      aria-hidden="true"
      className="fa fa-spotify"
    >
      Spotify playlist:
    </i>
    <PlaylistForm
      selected={Array []}
    />
  </h3>
</div>
`;
